$send("World ");
$send("Hello ");
$display("Hello ");
$display("World ");
