
// test_break
intVal_0 = -1
intVal_1 = 0
intVal_2 = 0
intVal_3 = 0
intVal_4 = 0
intArray = 4, 5, 6
intList  = 4, 5, 6
intMap   = 11, 8, 9
intSet   = 4

intArray_rand = 1, 2, 3

test5, -1, -1
test5, -1, -1
test5, -1, -1
test5, -1, -1
test5, -1, -1
testi, -1, 0
testi, -1, 1
testi, -1, 2
testi, -1, 3
testi, -1, 4
testi, -1, 5
testi, -1, 6
testi, -1, 7
testi, -1, 8
testi, -1, 9
intArray, 0, 4
intArray, 1, 5
intArray, 2, 6
intList, 0, 4
intList, 1, 5
intList, 2, 6
intMap, 4, 11
intMap, 5, 8
intMap, 6, 9
intSet, -1, 4
intSet, -1, 5
intSet, -1, 6
intSet, -1, 7
