
byte_0 = 49 = 00110001
byte_1 = 110 = 01101110
byte_2 = 206 = 11001110
byte_3 = 157 = 10011101
byte_4 = 35 = 00100011

