
/** Test `shuffle()` */
intList [0:2] = 6, 5, 7
byteList[0:2] = 8, 9, 7
stringList[0:2] = World, Hello, !
enumList[0:2] = 2, 2, 1

