val = 63
val = 4
sss = 30
sss = xxx
val = 50
sss = Contents of map5
sss = b
val = 50
sss = c
val = 41
sss = d
val = 63
sss = Hello World
