
// test_set_method_delete
nibbleSet  = 1
intSet     = 1
boolSet    = 0
enumSet    = 0
stringSet  = 1
float32Set = 0
float64Set = 0
structSet  = 0

