x = 20
x = 40
x = 60
x = 60
x = 41
x = 99
x = 999
