
int_d0  = 0
int_d1  = 2147483647
int_d2  = -2147483647
int_d3  = -2147483648
int_d4  = 1234567890
int_d5  = 12456890
int_d6  = 2147483647
int_d7  = -2147483647
int_d8  = -2147483648
int_d9  = -2147483648
int_d10 = -1
int_d11 = 1
int_d12 = 12456890
int_d13 = 2147483647
int_d14 = -2147483647
int_d15 = -2147483648
int_d16 = -2147483648
int_d17 = -1
int_d18 = 1
int_d19 = 12456890
int_d20 = -1
int_d21 = 1
int_d22 = 0
int_d23 = 0
int_d24 = -1
int_d25 = 1
int_d26 = -1
int_d27 = 1
int_d28 = 0
int_d29 = 0
int_d30 = -1
int_d31 = 1


byte_d0  = 0
byte_d1  = 255
byte_d2  = 1
byte_d3  = 0
byte_d4  = 0
byte_d5  = 186
byte_d6  = 255
byte_d7  = 1
byte_d8  = 0
byte_d9  = 0
byte_d10 = 255
byte_d11 = 1
byte_d12 = 186
byte_d13 = 255
byte_d14 = 1
byte_d15 = 0
byte_d16 = 0
byte_d17 = 255
byte_d18 = 1
byte_d19 = 186
byte_d20 = 255
byte_d21 = 1
byte_d22 = 0
byte_d23 = 0
byte_d24 = 255
byte_d25 = 1
byte_d26 = 255
byte_d27 = 1
byte_d28 = 0
byte_d29 = 0
byte_d30 = 255
byte_d31 = 1


uint32_d0  = 0
uint32_d1  = 2147483647
uint32_d2  = 2147483649
uint32_d3  = 2147483648
uint32_d4  = 1234567890
uint32_d5  = 12456890
uint32_d6  = 2147483647
uint32_d7  = 2147483649
uint32_d8  = 2147483648
uint32_d9  = 2147483648
uint32_d10 = 4294967295
uint32_d11 = 1
uint32_d12 = 12456890
uint32_d13 = 2147483647
uint32_d14 = 2147483649
uint32_d15 = 2147483648
uint32_d16 = 2147483648
uint32_d17 = 4294967295
uint32_d18 = 1
uint32_d19 = 12456890
uint32_d20 = 4294967295
uint32_d21 = 1
uint32_d22 = 0
uint32_d23 = 0
uint32_d24 = 4294967295
uint32_d25 = 1
uint32_d26 = 4294967295
uint32_d27 = 1
uint32_d28 = 0
uint32_d29 = 0
uint32_d30 = 4294967295
uint32_d31 = 1

