printStr: one ;
printStr: two ;
printStr: three ;
