out = 1
out = 3
out = 5
out = 7
out = 9
out = 11
out = 13
out = 15
out = 17
out = 19
out = 21
out = 23
out = 25
out = 27
out = 29
