
/** Test `size()` */
intVal_0 = 3
intVal_1 = 3
intVal_2 = 0
intVal_3 = 3
intVal_4 = 3
intVal_5 = 0

