#region1.label = noncacheable_region
#region1.align = 16
#region1.size  = 4096
