val = 99
val = 999
val = 33
val = 31
val = 999
val = 1
val = 1
