
int_b0  = 2147483647
int_b1  = -2147483647
int_b2  = 2147483648
int_b3  = -2147483648
int_b4  = -1
int_b5  = 1
int_b6  = 12456890
int_b7  = 2147483647
int_b8  = -2147483647
int_b9  = 2147483648
int_b10 = -2147483648
int_b11 = -1
int_b12 = 1
int_b13 = 12456890
int_b14 = -1
int_b15 = 1
int_b16 = 0
int_b17 = 0
int_b18 = -1
int_b19 = 1
int_b20 = -1
int_b21 = 1
int_b22 = 0
int_b23 = 0
int_b24 = -1
int_b25 = 1


byte_b0  = 255
byte_b1  = 1
byte_b2  = 0
byte_b3  = 0
byte_b4  = 255
byte_b5  = 1
byte_b6  = 186
byte_b7  = 255
byte_b8  = 1
byte_b9  = 0
byte_b10 = 0
byte_b11 = 255
byte_b12 = 1
byte_b13 = 186
byte_b14 = 255
byte_b15 = 1
byte_b16 = 0
byte_b17 = 0
byte_b18 = 255
byte_b19 = 1
byte_b20 = 255
byte_b21 = 1
byte_b22 = 0
byte_b23 = 0
byte_b24 = 255
byte_b25 = 1


uint32_b0  = 2147483647
uint32_b1  = 2147483649
uint32_b2  = 2147483648
uint32_b3  = 2147483648
uint32_b4  = 4294967295
uint32_b5  = 1
uint32_b6  = 12456890
uint32_b7  = 2147483647
uint32_b8  = 2147483649
uint32_b9  = 2147483648
uint32_b10 = 2147483648
uint32_b11 = 4294967295
uint32_b12 = 1
uint32_b13 = 12456890
uint32_b14 = 4294967295
uint32_b15 = 1
uint32_b16 = 0
uint32_b17 = 0
uint32_b18 = 4294967295
uint32_b19 = 1
uint32_b20 = 4294967295
uint32_b21 = 1
uint32_b22 = 0
uint32_b23 = 0
uint32_b24 = 4294967295
uint32_b25 = 1

