
// test_list_operator_index
nibbleVal = 2
intVal    = 2
stringVal = A

