
// test_list_method_pop_front
nibbleList  = 1, 2
intList     = 1, 2
boolList    = 0
enumList    = 0
stringList  = 1, A
float32List = 0
float64List = 0
structList  = 0

