
// test_array_operator_assignment
nibbleVal  = 2
intVal     = 2
stringVal  = A

