
// test_array_method_to_list
nibbleList_size  = 2
intList_size     = 2
boolList_size    = 0
enumList_size    = 0
stringList_size  = 2
float32List_size = 0
float64List_size = 0
structList_size  = 0

