
// test_set_operator_inequality
nibbleSet  = 0
intSet     = 0
boolSet    = 0
enumSet    = 0
stringSet  = 0
float32Set = 0
float64Set = 0
structSet  = 0

