
nibble_0_0 = 6 = 0110
nibble_0_1 = 3 = 0011
nibble_0_2 = 7 = 0111

