
// test_list_method_pop_back
nibbleList  = 1, 3
intList     = 1, 3
boolList    = 0
enumList    = 0
stringList  = 1, B
float32List = 0
float64List = 0
structList  = 0

