
int_o0  = 0
int_o1  = 2147483647
int_o2  = -2147483647
int_o3  = -2147483648
int_o4  = 1234567890
int_o5  = 12456890
int_o6  = 2147483647
int_o7  = -2147483647
int_o8  = -2147483648
int_o9  = -2147483648
int_o10 = -1
int_o11 = 1
int_o12 = 12456890
int_o13 = 2147483647
int_o14 = -2147483647
int_o15 = -2147483648
int_o16 = -2147483648
int_o17 = -1
int_o18 = 1
int_o19 = 12456890
int_o20 = -1
int_o21 = 1
int_o22 = 0
int_o23 = 0
int_o24 = -1
int_o25 = 1
int_o26 = -1
int_o27 = 1
int_o28 = 0
int_o29 = 0
int_o30 = -1
int_o31 = 1


byte_o0  = 0
byte_o1  = 255
byte_o2  = 1
byte_o3  = 0
byte_o4  = 0
byte_o5  = 186
byte_o6  = 255
byte_o7  = 1
byte_o8  = 0
byte_o9  = 0
byte_o10 = 255
byte_o11 = 1
byte_o12 = 186
byte_o13 = 255
byte_o14 = 1
byte_o15 = 0
byte_o16 = 0
byte_o17 = 255
byte_o18 = 1
byte_o19 = 186
byte_o20 = 255
byte_o21 = 1
byte_o22 = 0
byte_o23 = 0
byte_o24 = 255
byte_o25 = 1
byte_o26 = 255
byte_o27 = 1
byte_o28 = 0
byte_o29 = 0
byte_o30 = 255
byte_o31 = 1


uint32_o0  = 0
uint32_o1  = 2147483647
uint32_o2  = 2147483649
uint32_o3  = 2147483648
uint32_o4  = 1234567890
uint32_o5  = 12456890
uint32_o6  = 2147483647
uint32_o7  = 2147483649
uint32_o8  = 2147483648
uint32_o9  = 2147483648
uint32_o10 = 4294967295
uint32_o11 = 1
uint32_o12 = 12456890
uint32_o13 = 2147483647
uint32_o14 = 2147483649
uint32_o15 = 2147483648
uint32_o16 = 2147483648
uint32_o17 = 4294967295
uint32_o18 = 1
uint32_o19 = 12456890
uint32_o20 = 4294967295
uint32_o21 = 1
uint32_o22 = 0
uint32_o23 = 0
uint32_o24 = 4294967295
uint32_o25 = 1
uint32_o26 = 4294967295
uint32_o27 = 1
uint32_o28 = 0
uint32_o29 = 0
uint32_o30 = 4294967295
uint32_o31 = 1

