
	bit_arr[0] = 2
	bit_arr[1] = 4
	bit_arr[2] = 7
	bit_arr[3] = 5
	bit_arr[4] = 6
	bit_arr[5] = 1
	bit_arr[6] = 3
	bit_arr[7] = 0
        
