a[0]=4, a[1]=5, a[2]=6
a[0]=7, a[1]=8, a[2]=9
a[0]=10, a[1]=11, a[2]=12
val = 1
val = 1
val = 10
val = 11
val = 12
