
int_h0  = 0
int_h1  = 2147483647
int_h2  = -2147483647
int_h3  = -2147483648
int_h4  = 1234567890
int_h5  = 12456890
int_h6  = 2147483647
int_h7  = -2147483647
int_h8  = -2147483648
int_h9  = -2147483648
int_h10 = -1
int_h11 = 1
int_h12 = 12456890
int_h13 = 2147483647
int_h14 = -2147483647
int_h15 = -2147483648
int_h16 = -2147483648
int_h17 = -1
int_h18 = 1
int_h19 = 12456890
int_h20 = -1
int_h21 = 1
int_h22 = 0
int_h23 = 0
int_h24 = -1
int_h25 = 1
int_h26 = -1
int_h27 = 1
int_h28 = 0
int_h29 = 0
int_h30 = -1
int_h31 = 1


byte_h0  = 0
byte_h1  = 255
byte_h2  = 1
byte_h3  = 0
byte_h4  = 0
byte_h5  = 186
byte_h6  = 255
byte_h7  = 1
byte_h8  = 0
byte_h9  = 0
byte_h10 = 255
byte_h11 = 1
byte_h12 = 186
byte_h13 = 255
byte_h14 = 1
byte_h15 = 0
byte_h16 = 0
byte_h17 = 255
byte_h18 = 1
byte_h19 = 186
byte_h20 = 255
byte_h21 = 1
byte_h22 = 0
byte_h23 = 0
byte_h24 = 255
byte_h25 = 1
byte_h26 = 255
byte_h27 = 1
byte_h28 = 0
byte_h29 = 0
byte_h30 = 255
byte_h31 = 1


uint32_h0  = 0
uint32_h1  = 2147483647
uint32_h2  = 2147483649
uint32_h3  = 2147483648
uint32_h4  = 1234567890
uint32_h5  = 12456890
uint32_h6  = 2147483647
uint32_h7  = 2147483649
uint32_h8  = 2147483648
uint32_h9  = 2147483648
uint32_h10 = 4294967295
uint32_h11 = 1
uint32_h12 = 12456890
uint32_h13 = 2147483647
uint32_h14 = 2147483649
uint32_h15 = 2147483648
uint32_h16 = 2147483648
uint32_h17 = 4294967295
uint32_h18 = 1
uint32_h19 = 12456890
uint32_h20 = 4294967295
uint32_h21 = 1
uint32_h22 = 0
uint32_h23 = 0
uint32_h24 = 4294967295
uint32_h25 = 1
uint32_h26 = 4294967295
uint32_h27 = 1
uint32_h28 = 0
uint32_h29 = 0
uint32_h30 = 4294967295
uint32_h31 = 1

