
// test_list_method_push_back
nibbleList  = 3
intList     = 3
boolList    = 0
enumList    = 0
stringList  = 3
float32List = 0
float64List = 0
structList  = 0

