
// test_list_operator_in
nibbleList  = 1
intList     = 1
boolList    = 0
enumList    = 0
stringList  = 1
float32List = 0
float64List = 0
structList  = 0

